<html>
<body>
<pre>
<h1>µVision Build Log</h1>
<h2>Project:</h2>
C:\Users\SARATH\Desktop\Sarath\test.uvproj
Project File Date:  09/22/2015

<h2>Output:</h2>
Build target 'Target 1'
linking...
test.axf: Warning: L6665W: Neither Lib$$Request$$armlib Lib$$Request$$cpplib defined, not searching ARM libraries.
test.axf: Error: L6411W: No compatible library exists with a definition of startup symbol __main.
Target not created
Build target 'Target 1'
compiling uart_rx_interrupt.c...
serial\uart_rx_interrupt.c(41): warning:  #1-D: last line of file ends without a newline
linking...
Program Size: Code=896 RO-data=16 RW-data=0 ZI-data=1256  
FromELF: creating hex file...
"test.axf" - 0 Error(s), 1 Warning(s).
Build target 'Target 1'
compiling timer.c...
timer0\timer.c(21): error:  #20: identifier "timer" is undefined
timer0\timer.c(34): warning:  #1-D: last line of file ends without a newline
Target not created
Build target 'Target 1'
compiling timer.c...
timer0\timer.c(34): warning:  #1-D: last line of file ends without a newline
linking...
Program Size: Code=848 RO-data=16 RW-data=0 ZI-data=1256  
FromELF: creating hex file...
"test.axf" - 0 Error(s), 1 Warning(s).
Build target 'Target 1'
compiling timer.c...
timer0\timer.c(38): warning:  #1-D: last line of file ends without a newline
linking...
Program Size: Code=876 RO-data=16 RW-data=0 ZI-data=1256  
FromELF: creating hex file...
"test.axf" - 0 Error(s), 1 Warning(s).
Build target 'Target 1'
compiling timer.c...
timer0\timer.c(39): warning:  #1-D: last line of file ends without a newline
linking...
Program Size: Code=876 RO-data=16 RW-data=0 ZI-data=1256  
FromELF: creating hex file...
"test.axf" - 0 Error(s), 1 Warning(s).
Build target 'Target 1'
compiling timer.c...
timer0\timer.c(39): warning:  #1-D: last line of file ends without a newline
linking...
Program Size: Code=868 RO-data=16 RW-data=0 ZI-data=1256  
FromELF: creating hex file...
"test.axf" - 0 Error(s), 1 Warning(s).
Build target 'Target 1'
compiling timer.c...
timer0\timer.c(40): warning:  #1-D: last line of file ends without a newline
linking...
Program Size: Code=876 RO-data=16 RW-data=0 ZI-data=1256  
FromELF: creating hex file...
"test.axf" - 0 Error(s), 1 Warning(s).
Build target 'Target 1'
compiling timer.c...
timer0\timer.c(40): warning:  #1-D: last line of file ends without a newline
linking...
Program Size: Code=880 RO-data=16 RW-data=0 ZI-data=1256  
FromELF: creating hex file...
"test.axf" - 0 Error(s), 1 Warning(s).
Build target 'Target 1'
linking...
Program Size: Code=880 RO-data=16 RW-data=0 ZI-data=1256  
FromELF: creating hex file...
"test.axf" - 0 Error(s), 0 Warning(s).
Build target 'Target 1'
compiling timer.c...
timer0\timer.c(40): warning:  #1-D: last line of file ends without a newline
linking...
Program Size: Code=876 RO-data=16 RW-data=0 ZI-data=1256  
FromELF: creating hex file...
"test.axf" - 0 Error(s), 1 Warning(s).
Build target 'Target 1'
compiling timer.c...
timer0\timer.c(40): warning:  #1-D: last line of file ends without a newline
linking...
Program Size: Code=876 RO-data=16 RW-data=0 ZI-data=1256  
FromELF: creating hex file...
"test.axf" - 0 Error(s), 1 Warning(s).
Build target 'Target 1'
linking...
Program Size: Code=876 RO-data=16 RW-data=0 ZI-data=1256  
FromELF: creating hex file...
"test.axf" - 0 Error(s), 0 Warning(s).
Build target 'Target 1'
compiling timer.c...
timer0\timer.c(40): warning:  #1-D: last line of file ends without a newline
linking...
Program Size: Code=876 RO-data=16 RW-data=0 ZI-data=1256  
FromELF: creating hex file...
"test.axf" - 0 Error(s), 1 Warning(s).
Build target 'Target 1'
compiling TEST.c...
timer0\TEST.c(29): warning:  #1-D: last line of file ends without a newline
linking...
Program Size: Code=856 RO-data=16 RW-data=0 ZI-data=1256  
FromELF: creating hex file...
"test.axf" - 0 Error(s), 1 Warning(s).
Build target 'Target 1'
compiling TEST.c...
timer0\TEST.c(29): warning:  #1-D: last line of file ends without a newline
linking...
Program Size: Code=840 RO-data=16 RW-data=0 ZI-data=1256  
FromELF: creating hex file...
"test.axf" - 0 Error(s), 1 Warning(s).
Build target 'Target 1'
compiling TEST.c...
timer0\TEST.c(29): warning:  #1-D: last line of file ends without a newline
linking...
Program Size: Code=840 RO-data=16 RW-data=0 ZI-data=1256  
FromELF: creating hex file...
"test.axf" - 0 Error(s), 1 Warning(s).
Build target 'Target 1'
compiling TEST.c...
timer0\TEST.c(33): warning:  #1-D: last line of file ends without a newline
linking...
Program Size: Code=868 RO-data=16 RW-data=0 ZI-data=1256  
FromELF: creating hex file...
"test.axf" - 0 Error(s), 1 Warning(s).
Build target 'Target 1'
compiling TEST.c...
timer0\TEST.c(34): warning:  #1-D: last line of file ends without a newline
linking...
Program Size: Code=868 RO-data=16 RW-data=0 ZI-data=1256  
FromELF: creating hex file...
"test.axf" - 0 Error(s), 1 Warning(s).
Build target 'Target 1'
compiling TEST.c...
linking...
Program Size: Code=868 RO-data=16 RW-data=0 ZI-data=1256  
FromELF: creating hex file...
"test.axf" - 0 Error(s), 0 Warning(s).
Build target 'Target 1'
compiling TEST.c...
linking...
Program Size: Code=908 RO-data=16 RW-data=0 ZI-data=1256  
FromELF: creating hex file...
"test.axf" - 0 Error(s), 0 Warning(s).
Build target 'Target 1'
linking...
Program Size: Code=908 RO-data=16 RW-data=0 ZI-data=1256  
FromELF: creating hex file...
"test.axf" - 0 Error(s), 0 Warning(s).
Build target 'Target 1'
compiling TEST.c...
linking...
Program Size: Code=908 RO-data=16 RW-data=0 ZI-data=1256  
FromELF: creating hex file...
"test.axf" - 0 Error(s), 0 Warning(s).
Build target 'Target 1'
compiling TEST.c...
linking...
Program Size: Code=892 RO-data=16 RW-data=0 ZI-data=1256  
FromELF: creating hex file...
"test.axf" - 0 Error(s), 0 Warning(s).
Build target 'Target 1'
compiling TEST.c...
linking...
Program Size: Code=900 RO-data=16 RW-data=0 ZI-data=1256  
FromELF: creating hex file...
"test.axf" - 0 Error(s), 0 Warning(s).
Build target 'Target 1'
compiling TEST.c...
linking...
Program Size: Code=896 RO-data=16 RW-data=0 ZI-data=1256  
FromELF: creating hex file...
"test.axf" - 0 Error(s), 0 Warning(s).
Build target 'Target 1'
compiling TEST.c...
linking...
Program Size: Code=904 RO-data=16 RW-data=0 ZI-data=1256  
FromELF: creating hex file...
"test.axf" - 0 Error(s), 0 Warning(s).
Build target 'Target 1'
compiling TEST.c...
timer0\TEST.c(15): error:  #20: identifier "x" is undefined
timer0\TEST.c(24): error:  #20: identifier "x" is undefined
Target not created
Build target 'Target 1'
compiling TEST.c...
linking...
Program Size: Code=1080 RO-data=16 RW-data=0 ZI-data=1256  
FromELF: creating hex file...
"test.axf" - 0 Error(s), 0 Warning(s).
Build target 'Target 1'
compiling TEST.c...
linking...
Program Size: Code=1092 RO-data=16 RW-data=0 ZI-data=1256  
FromELF: creating hex file...
"test.axf" - 0 Error(s), 0 Warning(s).
Build target 'Target 1'
compiling TEST.c...
timer0\TEST.c(63): error:  #109: expression must have (pointer-to-) function type
Target not created
Build target 'Target 1'
compiling TEST.c...
linking...
Program Size: Code=1108 RO-data=16 RW-data=0 ZI-data=1256  
FromELF: creating hex file...
"test.axf" - 0 Error(s), 0 Warning(s).
Build target 'Target 1'
compiling TEST.c...
linking...
Program Size: Code=1108 RO-data=16 RW-data=0 ZI-data=1256  
FromELF: creating hex file...
"test.axf" - 0 Error(s), 0 Warning(s).
